2025-04-26 15:40:47 - Array
(
    [type] => announcement
    [action] => reject
    [id] => 3
)

2025-04-26 15:42:00 - Array
(
    [type] => announcement
    [action] => reject
    [id] => 3
)

2025-04-26 15:47:53 - Array
(
    [type] => announcement
    [action] => reject
    [id] => 3
)

2025-04-26 15:55:26 - Array
(
    [type] => announcement
    [action] => reject
    [id] => 3
)

2025-04-26 15:55:43 - Array
(
    [type] => announcement
    [action] => reject
    [id] => 3
)

2025-04-26 15:55:52 - Array
(
    [type] => announcement
    [action] => reject
    [id] => 3
)

2025-04-26 15:59:56 - Array
(
    [type] => announcement
    [action] => reject
    [id] => 3
)

2025-04-26 16:00:10 - Array
(
    [type] => announcement
    [action] => reject
    [id] => 3
)

2025-04-26 16:00:31 - Array
(
    [type] => announcement
    [action] => reject
    [id] => 3
)

2025-04-26 16:01:27 - Array
(
    [type] => announcement
    [action] => reject
    [id] => 3
)

2025-04-26 16:14:42 - Array
(
    [type] => announcement
    [action] => reject
    [id] => 3
)

